Experiment: 1 models × 1 conditions × 144 prompts
Concurrency: 8 per model, outdir: results/run_002

  GLM-5.1/C: resume, 24 done, 120 remaining
  [1/120] GLM-5.1/C/满江红  93.0s 1err 5772tok
  [2/120] GLM-5.1/C/水调歌头  221.92s 25err 15330tok
  [3/120] GLM-5.1/C/齐天乐  269.41s 50err 18135tok
  [4/120] GLM-5.1/C/贺新郎  333.48s 1err 22295tok
  [5/120] GLM-5.1/C/疏影  353.76s 1err 23531tok
  [6/120] GLM-5.1/C/长亭怨慢  131.23s 5err 9311tok
  [7/120] GLM-5.1/C/高阳台  409.37s 7err 39161tok
  [8/120] GLM-5.1/C/木兰花慢  473.47s 52err 33030tok
  [9/120] GLM-5.1/C/一萼红  494.72s 1err 39173tok
  [10/120] GLM-5.1/C/桂枝香  465.06s 1err 39151tok
  [11/120] GLM-5.1/C/南浦  109.11s 1err 7384tok
  [12/120] GLM-5.1/C/望海潮  387.5s 6err 27512tok
  [13/120] GLM-5.1/C/渡江云  369.11s 1err 26625tok
  [14/120] GLM-5.1/C/凤凰台上忆吹箫  98.16s 1err 6497tok
  [15/120] GLM-5.1/C/玉漏迟  159.85s 57err 11297tok
  [16/120] GLM-5.1/C/醉蓬莱  422.51s 1err 39135tok
  [17/120] GLM-5.1/C/霜叶飞  96.69s 1err 6203tok
  [18/120] GLM-5.1/C/兰陵王  423.17s 13err 30528tok
  [19/120] GLM-5.1/C/解连环  412.31s 10err 39169tok
  [20/120] GLM-5.1/C/三姝媚  437.54s 1err 39165tok
  [21/120] GLM-5.1/C/扫地游  218.85s 1err 13638tok
  [22/120] GLM-5.1/C/天香  489.62s 6err 39155tok
  [23/120] GLM-5.1/C/暗香  411.08s 1err 39158tok
  [24/120] GLM-5.1/C/多丽  426.37s 1err 31162tok
  [25/120] GLM-5.1/C/解语花  387.56s 1err 25156tok
  [26/120] GLM-5.1/C/玲珑四犯  431.24s 1err 30657tok
  [27/120] GLM-5.1/C/绛都春  449.58s 1err 39158tok
  [28/120] GLM-5.1/C/石州慢  243.47s 1err 16177tok
  [29/120] GLM-5.1/C/庆春宫  449.59s 1err 39133tok
  [30/120] GLM-5.1/C/琵琶仙  426.91s 1err 39146tok
  [31/120] GLM-5.1/C/意难忘  300.59s 1err 21072tok
  [32/120] GLM-5.1/C/选冠子  437.51s 1err 39170tok
  [33/120] GLM-5.1/C/索酒  165.28s 1err 11354tok
  [34/120] GLM-5.1/C/胜州令  335.22s 1err 21411tok
  [35/120] GLM-5.1/C/三台（大曲）  226.92s 1err 15362tok
  [36/120] GLM-5.1/C/远朝归  404.0s 1err 39162tok
  [37/120] GLM-5.1/C/花发状元红慢  405.86s 1err 39155tok
  [38/120] GLM-5.1/C/逍遥乐  438.36s 1err 39164tok
  [39/120] GLM-5.1/C/长寿仙  454.76s 1err 39211tok
  [40/120] GLM-5.1/C/绕池游慢  457.55s 1err 39116tok
  [41/120] GLM-5.1/C/个侬  126.7s 1err 8987tok
  [42/120] GLM-5.1/C/甘露滴乔松  469.69s 1err 39143tok
  [43/120] GLM-5.1/C/四槛花  134.67s 1err 8987tok
  [44/120] GLM-5.1/C/六花飞  242.9s 1err 17777tok
  [45/120] GLM-5.1/C/恋芳春慢  239.72s 97err 15371tok
  [46/120] GLM-5.1/C/内家娇  311.65s 66err 23865tok
  [47/120] GLM-5.1/C/小圣乐  301.29s 80err 23000tok
  [48/120] GLM-5.1/C/征部乐  315.33s 1err 23221tok
  [49/120] GLM-5.1/C/无闷  181.91s 1err 12247tok
  [50/120] GLM-5.1/C/大椿  432.34s 1err 39104tok
  [51/120] GLM-5.1/C/如鱼水  438.84s 1err 39105tok
  [52/120] GLM-5.1/C/杏花天慢  112.42s 1err 6490tok
  [53/120] GLM-5.1/C/惜寒梅  484.96s 1err 39137tok
  [54/120] GLM-5.1/C/早梅芳慢  448.89s 1err 39162tok
  [55/120] GLM-5.1/C/春雪间早梅  450.5s 1err 39153tok
  [56/120] GLM-5.1/C/望明河  437.6s 1err 39100tok
  [57/120] GLM-5.1/C/望南云慢  466.44s 1err 39155tok
  [58/120] GLM-5.1/C/期夜月  437.02s 1err 39154tok
  [59/120] GLM-5.1/C/澡兰香  251.33s 1err 21240tok
  [60/120] GLM-5.1/C/清风满桂楼  323.66s 1err 20596tok
  [61/120] GLM-5.1/C/梦扬州  417.05s 1err 29641tok
  [62/120] GLM-5.1/C/玉抱肚  159.56s 1err 9735tok
  [63/120] GLM-5.1/C/玉梅香慢  327.28s 1err 22489tok
  [64/120] GLM-5.1/C/玉连环  442.28s 1err 33663tok
  [65/120] GLM-5.1/C/菩萨蛮慢  174.11s 1err 11394tok
  [66/120] GLM-5.1/C/蜀溪春  244.26s 1err 15293tok
  [67/120] GLM-5.1/C/舜韶新  269.39s 82err 19468tok
  [68/120] GLM-5.1/C/翠羽吟  269.97s 1err 21082tok
  [69/120] GLM-5.1/C/红芍药  299.32s 1err 19990tok
  [70/120] GLM-5.1/C/蝶恋花  91.95s 2err 6602tok
  [71/120] GLM-5.1/C/瑞云浓慢  429.77s 1err 39169tok
  [72/120] GLM-5.1/C/西吴曲  442.02s 1err 39071tok
  [73/120] GLM-5.1/C/真珠髻  452.53s 1err 39099tok
  [74/120] GLM-5.1/C/阳台路  188.07s 1err 12274tok
  [75/120] GLM-5.1/C/忆江南  121.9s 0err 8082tok
  [76/120] GLM-5.1/C/雪明鳷鹊夜  275.16s 1err 18105tok
  [77/120] GLM-5.1/C/踏莎行  129.88s 0err 8085tok
  [78/120] GLM-5.1/C/赏松菊  440.17s 1err 39149tok
  [79/120] GLM-5.1/C/采明珠  437.43s 1err 39165tok
  [80/120] GLM-5.1/C/洞仙歌  250.34s 1err 16124tok
  [81/120] GLM-5.1/C/韵令  99.31s 1err 6067tok
  [82/120] GLM-5.1/C/渔家傲  280.69s 19err 19167tok
  [83/120] GLM-5.1/C/荷华媚  226.34s 1err 16869tok
  [84/120] GLM-5.1/C/浣溪沙  66.19s 5err 4868tok
  [85/120] GLM-5.1/C/生查子  100.18s 0err 7119tok
  [86/120] GLM-5.1/C/浪淘沙  114.1s 2err 7819tok
  [87/120] GLM-5.1/C/破字令  68.46s 1err 4319tok
  [88/120] GLM-5.1/C/鹧鸪天  104.54s 2err 7130tok
  [89/120] GLM-5.1/C/甘露歌  424.81s 1err 39094tok
  [90/120] GLM-5.1/C/隔帘听  322.3s 1err 24683tok
  [91/120] GLM-5.1/C/醉高歌  65.74s 1err 3774tok
  [92/120] GLM-5.1/C/菩萨蛮  158.41s 16err 11652tok
  [93/120] GLM-5.1/C/竹香子  138.28s 1err 8565tok
  [94/120] GLM-5.1/C/钿带长中调  422.84s 1err 39103tok
  [95/120] GLM-5.1/C/荔子丹  154.5s 1err 9786tok
  [96/120] GLM-5.1/C/荷叶铺水面  478.18s 1err 39096tok
  [97/120] GLM-5.1/C/五绝仄起  29.68s 1err 1983tok
  [98/120] GLM-5.1/C/五律仄起  37.85s 0err 2922tok
  [99/120] GLM-5.1/C/七绝平起  47.43s 1err 2835tok
  [100/120] GLM-5.1/C/七绝平起首句入韵  50.45s 1err 3054tok
  [101/120] GLM-5.1/C/七律平起首句入韵  64.31s 0err 4524tok
  [102/120] GLM-5.1/C/七律平起  30.52s 1err 2440tok
  [103/120] GLM-5.1/C/七绝仄起  49.17s 2err 3114tok
  [104/120] GLM-5.1/C/七绝仄起首句入韵  112.84s 1err 6206tok
  [105/120] GLM-5.1/C/五律仄起首句入韵  76.93s 0err 5952tok
  [106/120] GLM-5.1/C/七律仄起  88.96s 2err 6950tok
  [107/120] GLM-5.1/C/五绝平起首句入韵  30.94s 0err 1957tok
  [108/120] GLM-5.1/C/五律平起首句入韵  77.87s 0err 5401tok
  [109/120] GLM-5.1/C/七律仄起首句入韵  161.71s 0err 12598tok
  [110/120] GLM-5.1/C/五绝平起  107.1s 1err 6529tok
  [111/120] GLM-5.1/C/五律平起  193.66s 0err 12953tok
  [112/120] GLM-5.1/C/五绝仄起首句入韵  123.93s 1err 8289tok
  [113/120] GLM-5.1/C/西江月  82.18s 2err 5556tok
  [114/120] GLM-5.1/C/调笑令  111.61s 1err 7588tok
  [115/120] GLM-5.1/C/定风波  219.37s 21err 14404tok
  [116/120] GLM-5.1/C/减字木兰花  192.38s 20err 14050tok
  [117/120] GLM-5.1/C/六州歌头  327.25s 1err 25924tok
  [118/120] GLM-5.1/C/翠楼吟  258.77s 6err 19022tok
  [119/120] GLM-5.1/C/戚氏  419.01s 14err 39297tok
  [120/120] GLM-5.1/C/皂罗特髻  412.95s 1err 39143tok
  GLM-5.1/C: done (120 completed)

All done. Results in results/run_002/
